// Jest Snapshot v1, https://goo.gl/fbAQLP

exports[`EventList renders correctly 1`] = `
<div>
  <div
    className="bg-white rounded shadow border p-6 mb-4 mt-0"
  >
    <h2
      className="text-2xl font-bold"
    >
      <a
        href="/events/premium-event"
      >
        Premium event
      </a>
    </h2>
    <svg
      aria-hidden="true"
      className="svg-inline--fa fa-calendar fa-w-14 "
      data-icon="calendar"
      data-prefix="fas"
      focusable="false"
      role="img"
      style={Object {}}
      viewBox="0 0 448 512"
      xmlns="http://www.w3.org/2000/svg"
    >
      <path
        d="M12 192h424c6.6 0 12 5.4 12 12v260c0 26.5-21.5 48-48 48H48c-26.5 0-48-21.5-48-48V204c0-6.6 5.4-12 12-12zm436-44v-36c0-26.5-21.5-48-48-48h-48V12c0-6.6-5.4-12-12-12h-40c-6.6 0-12 5.4-12 12v52H160V12c0-6.6-5.4-12-12-12h-40c-6.6 0-12 5.4-12 12v52H48C21.5 64 0 85.5 0 112v36c0 6.6 5.4 12 12 12h424c6.6 0 12-5.4 12-12z"
        fill="currentColor"
        style={Object {}}
      />
    </svg>
    <span
      className="month text-gray-700"
    >
       
      Thu, Nov 26, 2020
    </span>
    <br />
    <svg
      aria-hidden="true"
      className="svg-inline--fa fa-clock fa-w-16 "
      data-icon="clock"
      data-prefix="fas"
      focusable="false"
      role="img"
      style={Object {}}
      viewBox="0 0 512 512"
      xmlns="http://www.w3.org/2000/svg"
    >
      <path
        d="M256,8C119,8,8,119,8,256S119,504,256,504,504,393,504,256,393,8,256,8Zm92.49,313h0l-20,25a16,16,0,0,1-22.49,2.5h0l-67-49.72a40,40,0,0,1-15-31.23V112a16,16,0,0,1,16-16h32a16,16,0,0,1,16,16V256l58,42.5A16,16,0,0,1,348.49,321Z"
        fill="currentColor"
        style={Object {}}
      />
    </svg>
    <span
      className="text-gray-700"
    >
       
      11:45 AM
      -
      1:05 AM
    </span>
    <div />
  </div>
  <div
    className="bg-white rounded shadow border p-6 mb-4 mt-0"
  >
    <h2
      className="text-2xl font-bold"
    >
      <a
        href="/events/morning-event"
      >
        Morning event
      </a>
    </h2>
    <svg
      aria-hidden="true"
      className="svg-inline--fa fa-calendar fa-w-14 "
      data-icon="calendar"
      data-prefix="fas"
      focusable="false"
      role="img"
      style={Object {}}
      viewBox="0 0 448 512"
      xmlns="http://www.w3.org/2000/svg"
    >
      <path
        d="M12 192h424c6.6 0 12 5.4 12 12v260c0 26.5-21.5 48-48 48H48c-26.5 0-48-21.5-48-48V204c0-6.6 5.4-12 12-12zm436-44v-36c0-26.5-21.5-48-48-48h-48V12c0-6.6-5.4-12-12-12h-40c-6.6 0-12 5.4-12 12v52H160V12c0-6.6-5.4-12-12-12h-40c-6.6 0-12 5.4-12 12v52H48C21.5 64 0 85.5 0 112v36c0 6.6 5.4 12 12 12h424c6.6 0 12-5.4 12-12z"
        fill="currentColor"
        style={Object {}}
      />
    </svg>
    <span
      className="month text-gray-700"
    >
       
      Thu, Nov 26, 2020
    </span>
    <br />
    <svg
      aria-hidden="true"
      className="svg-inline--fa fa-clock fa-w-16 "
      data-icon="clock"
      data-prefix="fas"
      focusable="false"
      role="img"
      style={Object {}}
      viewBox="0 0 512 512"
      xmlns="http://www.w3.org/2000/svg"
    >
      <path
        d="M256,8C119,8,8,119,8,256S119,504,256,504,504,393,504,256,393,8,256,8Zm92.49,313h0l-20,25a16,16,0,0,1-22.49,2.5h0l-67-49.72a40,40,0,0,1-15-31.23V112a16,16,0,0,1,16-16h32a16,16,0,0,1,16,16V256l58,42.5A16,16,0,0,1,348.49,321Z"
        fill="currentColor"
        style={Object {}}
      />
    </svg>
    <span
      className="text-gray-700"
    >
       
      12:15 PM
      -
      1:35 AM
    </span>
    <div />
  </div>
  <div
    className="bg-white rounded shadow border p-6 mb-4 mt-0"
  >
    <h2
      className="text-2xl font-bold"
    >
      <a
        href="/events/evening-event"
      >
        Evening event
      </a>
    </h2>
    <svg
      aria-hidden="true"
      className="svg-inline--fa fa-calendar fa-w-14 "
      data-icon="calendar"
      data-prefix="fas"
      focusable="false"
      role="img"
      style={Object {}}
      viewBox="0 0 448 512"
      xmlns="http://www.w3.org/2000/svg"
    >
      <path
        d="M12 192h424c6.6 0 12 5.4 12 12v260c0 26.5-21.5 48-48 48H48c-26.5 0-48-21.5-48-48V204c0-6.6 5.4-12 12-12zm436-44v-36c0-26.5-21.5-48-48-48h-48V12c0-6.6-5.4-12-12-12h-40c-6.6 0-12 5.4-12 12v52H160V12c0-6.6-5.4-12-12-12h-40c-6.6 0-12 5.4-12 12v52H48C21.5 64 0 85.5 0 112v36c0 6.6 5.4 12 12 12h424c6.6 0 12-5.4 12-12z"
        fill="currentColor"
        style={Object {}}
      />
    </svg>
    <span
      className="month text-gray-700"
    >
       
      Thu, Nov 26, 2020
    </span>
    <br />
    <svg
      aria-hidden="true"
      className="svg-inline--fa fa-clock fa-w-16 "
      data-icon="clock"
      data-prefix="fas"
      focusable="false"
      role="img"
      style={Object {}}
      viewBox="0 0 512 512"
      xmlns="http://www.w3.org/2000/svg"
    >
      <path
        d="M256,8C119,8,8,119,8,256S119,504,256,504,504,393,504,256,393,8,256,8Zm92.49,313h0l-20,25a16,16,0,0,1-22.49,2.5h0l-67-49.72a40,40,0,0,1-15-31.23V112a16,16,0,0,1,16-16h32a16,16,0,0,1,16,16V256l58,42.5A16,16,0,0,1,348.49,321Z"
        fill="currentColor"
        style={Object {}}
      />
    </svg>
    <span
      className="text-gray-700"
    >
       
      5:45 PM
      -
      8:25 PM
    </span>
    <div />
  </div>
  <div
    className="bg-white rounded shadow border p-6 mb-4 mt-0"
  >
    <h2
      className="text-2xl font-bold"
    >
      <a
        href="/events/premium-event"
      >
        Premium event
      </a>
    </h2>
    <svg
      aria-hidden="true"
      className="svg-inline--fa fa-calendar fa-w-14 "
      data-icon="calendar"
      data-prefix="fas"
      focusable="false"
      role="img"
      style={Object {}}
      viewBox="0 0 448 512"
      xmlns="http://www.w3.org/2000/svg"
    >
      <path
        d="M12 192h424c6.6 0 12 5.4 12 12v260c0 26.5-21.5 48-48 48H48c-26.5 0-48-21.5-48-48V204c0-6.6 5.4-12 12-12zm436-44v-36c0-26.5-21.5-48-48-48h-48V12c0-6.6-5.4-12-12-12h-40c-6.6 0-12 5.4-12 12v52H160V12c0-6.6-5.4-12-12-12h-40c-6.6 0-12 5.4-12 12v52H48C21.5 64 0 85.5 0 112v36c0 6.6 5.4 12 12 12h424c6.6 0 12-5.4 12-12z"
        fill="currentColor"
        style={Object {}}
      />
    </svg>
    <span
      className="month text-gray-700"
    >
       
      Fri, Nov 27, 2020
    </span>
    <br />
    <svg
      aria-hidden="true"
      className="svg-inline--fa fa-clock fa-w-16 "
      data-icon="clock"
      data-prefix="fas"
      focusable="false"
      role="img"
      style={Object {}}
      viewBox="0 0 512 512"
      xmlns="http://www.w3.org/2000/svg"
    >
      <path
        d="M256,8C119,8,8,119,8,256S119,504,256,504,504,393,504,256,393,8,256,8Zm92.49,313h0l-20,25a16,16,0,0,1-22.49,2.5h0l-67-49.72a40,40,0,0,1-15-31.23V112a16,16,0,0,1,16-16h32a16,16,0,0,1,16,16V256l58,42.5A16,16,0,0,1,348.49,321Z"
        fill="currentColor"
        style={Object {}}
      />
    </svg>
    <span
      className="text-gray-700"
    >
       
      11:45 AM
      -
      1:05 AM
    </span>
    <div />
  </div>
  <div
    className="bg-white rounded shadow border p-6 mb-4 mt-0"
  >
    <h2
      className="text-2xl font-bold"
    >
      <a
        href="/events/morning-event"
      >
        Morning event
      </a>
    </h2>
    <svg
      aria-hidden="true"
      className="svg-inline--fa fa-calendar fa-w-14 "
      data-icon="calendar"
      data-prefix="fas"
      focusable="false"
      role="img"
      style={Object {}}
      viewBox="0 0 448 512"
      xmlns="http://www.w3.org/2000/svg"
    >
      <path
        d="M12 192h424c6.6 0 12 5.4 12 12v260c0 26.5-21.5 48-48 48H48c-26.5 0-48-21.5-48-48V204c0-6.6 5.4-12 12-12zm436-44v-36c0-26.5-21.5-48-48-48h-48V12c0-6.6-5.4-12-12-12h-40c-6.6 0-12 5.4-12 12v52H160V12c0-6.6-5.4-12-12-12h-40c-6.6 0-12 5.4-12 12v52H48C21.5 64 0 85.5 0 112v36c0 6.6 5.4 12 12 12h424c6.6 0 12-5.4 12-12z"
        fill="currentColor"
        style={Object {}}
      />
    </svg>
    <span
      className="month text-gray-700"
    >
       
      Fri, Nov 27, 2020
    </span>
    <br />
    <svg
      aria-hidden="true"
      className="svg-inline--fa fa-clock fa-w-16 "
      data-icon="clock"
      data-prefix="fas"
      focusable="false"
      role="img"
      style={Object {}}
      viewBox="0 0 512 512"
      xmlns="http://www.w3.org/2000/svg"
    >
      <path
        d="M256,8C119,8,8,119,8,256S119,504,256,504,504,393,504,256,393,8,256,8Zm92.49,313h0l-20,25a16,16,0,0,1-22.49,2.5h0l-67-49.72a40,40,0,0,1-15-31.23V112a16,16,0,0,1,16-16h32a16,16,0,0,1,16,16V256l58,42.5A16,16,0,0,1,348.49,321Z"
        fill="currentColor"
        style={Object {}}
      />
    </svg>
    <span
      className="text-gray-700"
    >
       
      12:15 PM
      -
      1:35 AM
    </span>
    <div />
  </div>
  <div
    className="bg-white rounded shadow border p-6 mb-4 mt-0"
  >
    <h2
      className="text-2xl font-bold"
    >
      <a
        href="/events/evening-event"
      >
        Evening event
      </a>
    </h2>
    <svg
      aria-hidden="true"
      className="svg-inline--fa fa-calendar fa-w-14 "
      data-icon="calendar"
      data-prefix="fas"
      focusable="false"
      role="img"
      style={Object {}}
      viewBox="0 0 448 512"
      xmlns="http://www.w3.org/2000/svg"
    >
      <path
        d="M12 192h424c6.6 0 12 5.4 12 12v260c0 26.5-21.5 48-48 48H48c-26.5 0-48-21.5-48-48V204c0-6.6 5.4-12 12-12zm436-44v-36c0-26.5-21.5-48-48-48h-48V12c0-6.6-5.4-12-12-12h-40c-6.6 0-12 5.4-12 12v52H160V12c0-6.6-5.4-12-12-12h-40c-6.6 0-12 5.4-12 12v52H48C21.5 64 0 85.5 0 112v36c0 6.6 5.4 12 12 12h424c6.6 0 12-5.4 12-12z"
        fill="currentColor"
        style={Object {}}
      />
    </svg>
    <span
      className="month text-gray-700"
    >
       
      Fri, Nov 27, 2020
    </span>
    <br />
    <svg
      aria-hidden="true"
      className="svg-inline--fa fa-clock fa-w-16 "
      data-icon="clock"
      data-prefix="fas"
      focusable="false"
      role="img"
      style={Object {}}
      viewBox="0 0 512 512"
      xmlns="http://www.w3.org/2000/svg"
    >
      <path
        d="M256,8C119,8,8,119,8,256S119,504,256,504,504,393,504,256,393,8,256,8Zm92.49,313h0l-20,25a16,16,0,0,1-22.49,2.5h0l-67-49.72a40,40,0,0,1-15-31.23V112a16,16,0,0,1,16-16h32a16,16,0,0,1,16,16V256l58,42.5A16,16,0,0,1,348.49,321Z"
        fill="currentColor"
        style={Object {}}
      />
    </svg>
    <span
      className="text-gray-700"
    >
       
      5:45 PM
      -
      8:25 PM
    </span>
    <div />
  </div>
</div>
`;
